// Jest Snapshot v1, https://goo.gl/fbAQLP

exports[`Test keyword completion return a list of completion item from keywords in ParserTags 1`] = `
Array [
  Object {
    "documentation": "Endevor SCL keyword",
    "kind": 1,
    "label": "ACTION",
  },
  Object {
    "documentation": "Endevor SCL keyword",
    "kind": 1,
    "label": "ADD",
  },
  Object {
    "documentation": "Endevor SCL keyword",
    "kind": 1,
    "label": "ARCHIVE",
  },
  Object {
    "documentation": "Endevor SCL keyword",
    "kind": 1,
    "label": "BUILD",
  },
  Object {
    "documentation": "Endevor SCL keyword",
    "kind": 1,
    "label": "COPY",
  },
  Object {
    "documentation": "Endevor SCL keyword",
    "kind": 1,
    "label": "DDNAME",
  },
  Object {
    "documentation": "Endevor SCL keyword",
    "kind": 1,
    "label": "DELETE",
  },
  Object {
    "documentation": "Endevor SCL keyword",
    "kind": 1,
    "label": "DSNAME",
  },
  Object {
    "documentation": "Endevor SCL keyword",
    "kind": 1,
    "label": "ELEMENT",
  },
  Object {
    "documentation": "Endevor SCL keyword",
    "kind": 1,
    "label": "ENVIRONMENT",
  },
  Object {
    "documentation": "Endevor SCL keyword",
    "kind": 1,
    "label": "FILE",
  },
  Object {
    "documentation": "Endevor SCL keyword",
    "kind": 1,
    "label": "FROM",
  },
  Object {
    "documentation": "Endevor SCL keyword",
    "kind": 1,
    "label": "GENERATE",
  },
  Object {
    "documentation": "Endevor SCL keyword",
    "kind": 1,
    "label": "LIST",
  },
  Object {
    "documentation": "Endevor SCL keyword",
    "kind": 1,
    "label": "MEMBER",
  },
  Object {
    "documentation": "Endevor SCL keyword",
    "kind": 1,
    "label": "MOVE",
  },
  Object {
    "documentation": "Endevor SCL keyword",
    "kind": 1,
    "label": "NUMBER",
  },
  Object {
    "documentation": "Endevor SCL keyword",
    "kind": 1,
    "label": "OPTIONS",
  },
  Object {
    "documentation": "Endevor SCL keyword",
    "kind": 1,
    "label": "OPTION",
  },
  Object {
    "documentation": "Endevor SCL keyword",
    "kind": 1,
    "label": "PATH",
  },
  Object {
    "documentation": "Endevor SCL keyword",
    "kind": 1,
    "label": "PRINT",
  },
  Object {
    "documentation": "Endevor SCL keyword",
    "kind": 1,
    "label": "RESTORE",
  },
  Object {
    "documentation": "Endevor SCL keyword",
    "kind": 1,
    "label": "RETRIEVE",
  },
  Object {
    "documentation": "Endevor SCL keyword",
    "kind": 1,
    "label": "SET",
  },
  Object {
    "documentation": "Endevor SCL keyword",
    "kind": 1,
    "label": "SIGNIN",
  },
  Object {
    "documentation": "Endevor SCL keyword",
    "kind": 1,
    "label": "STAGE",
  },
  Object {
    "documentation": "Endevor SCL keyword",
    "kind": 1,
    "label": "STOPRC",
  },
  Object {
    "documentation": "Endevor SCL keyword",
    "kind": 1,
    "label": "SUBSYSTEM",
  },
  Object {
    "documentation": "Endevor SCL keyword",
    "kind": 1,
    "label": "SYSTEM",
  },
  Object {
    "documentation": "Endevor SCL keyword",
    "kind": 1,
    "label": "THROUGH",
  },
  Object {
    "documentation": "Endevor SCL keyword",
    "kind": 1,
    "label": "TRANSFER",
  },
  Object {
    "documentation": "Endevor SCL keyword",
    "kind": 1,
    "label": "TO",
  },
  Object {
    "documentation": "Endevor SCL keyword",
    "kind": 1,
    "label": "TYPE",
  },
  Object {
    "documentation": "Endevor SCL keyword",
    "kind": 1,
    "label": "UPDATE",
  },
  Object {
    "documentation": "Endevor SCL keyword",
    "kind": 1,
    "label": "USSFILE",
  },
  Object {
    "documentation": "Endevor SCL keyword",
    "kind": 1,
    "label": "VALIDATE",
  },
  Object {
    "documentation": "Endevor SCL keyword",
    "kind": 1,
    "label": "WHERE",
  },
  Object {
    "documentation": "Endevor SCL keyword",
    "kind": 1,
    "label": "CCID",
  },
  Object {
    "documentation": "Endevor SCL keyword",
    "kind": 1,
    "label": "COMMENT",
  },
  Object {
    "documentation": "Endevor SCL keyword",
    "kind": 1,
    "label": "NEW",
  },
  Object {
    "documentation": "Endevor SCL keyword",
    "kind": 1,
    "label": "VERSION",
  },
  Object {
    "documentation": "Endevor SCL keyword",
    "kind": 1,
    "label": "IF",
  },
  Object {
    "documentation": "Endevor SCL keyword",
    "kind": 1,
    "label": "PRESENT",
  },
  Object {
    "documentation": "Endevor SCL keyword",
    "kind": 1,
    "label": "INPUT",
  },
  Object {
    "documentation": "Endevor SCL keyword",
    "kind": 1,
    "label": "SOURCE",
  },
  Object {
    "documentation": "Endevor SCL keyword",
    "kind": 1,
    "label": "OVERRIDE",
  },
  Object {
    "documentation": "Endevor SCL keyword",
    "kind": 1,
    "label": "SIGNOUT",
  },
  Object {
    "documentation": "Endevor SCL keyword",
    "kind": 1,
    "label": "BYPASS",
  },
  Object {
    "documentation": "Endevor SCL keyword",
    "kind": 1,
    "label": "PROCESSOR",
  },
  Object {
    "documentation": "Endevor SCL keyword",
    "kind": 1,
    "label": "GROUP",
  },
  Object {
    "documentation": "Endevor SCL keyword",
    "kind": 1,
    "label": "EQUAL",
  },
  Object {
    "documentation": "Endevor SCL keyword",
    "kind": 1,
    "label": "AUTOGEN",
  },
  Object {
    "documentation": "Endevor SCL keyword",
    "kind": 1,
    "label": "SPAN",
  },
  Object {
    "documentation": "Endevor SCL keyword",
    "kind": 1,
    "label": "NONE",
  },
  Object {
    "documentation": "Endevor SCL keyword",
    "kind": 1,
    "label": "ALL",
  },
  Object {
    "documentation": "Endevor SCL keyword",
    "kind": 1,
    "label": "SYSTEMS",
  },
  Object {
    "documentation": "Endevor SCL keyword",
    "kind": 1,
    "label": "SUBSYSTEMS",
  },
]
`;
