// Jest Snapshot v1, https://goo.gl/fbAQLP

exports[`Test keyword completion return a list of completion item from keywords in ParserTags 1`] = `
Array [
  Object {
    "documentation": "Endevor SCL keyword",
    "kind": 14,
    "label": "ACTION ",
  },
  Object {
    "documentation": "Endevor SCL keyword",
    "kind": 14,
    "label": "ADD ",
  },
  Object {
    "documentation": "Endevor SCL keyword",
    "kind": 14,
    "label": "ARCHIVE ",
  },
  Object {
    "documentation": "Endevor SCL keyword",
    "kind": 14,
    "label": "BUILD ",
  },
  Object {
    "documentation": "Endevor SCL keyword",
    "kind": 14,
    "label": "COPY ",
  },
  Object {
    "documentation": "Endevor SCL keyword",
    "kind": 14,
    "label": "DDNAME ",
  },
  Object {
    "documentation": "Endevor SCL keyword",
    "kind": 14,
    "label": "DELETE ",
  },
  Object {
    "documentation": "Endevor SCL keyword",
    "kind": 14,
    "label": "DSNAME ",
  },
  Object {
    "documentation": "Endevor SCL keyword",
    "kind": 14,
    "label": "ELEMENTS ",
  },
  Object {
    "documentation": "Endevor SCL keyword",
    "kind": 14,
    "label": "ENVIRONMENT ",
  },
  Object {
    "documentation": "Endevor SCL keyword",
    "kind": 14,
    "label": "FILE ",
  },
  Object {
    "documentation": "Endevor SCL keyword",
    "kind": 14,
    "label": "FROM ",
  },
  Object {
    "documentation": "Endevor SCL keyword",
    "kind": 14,
    "label": "GENERATE ",
  },
  Object {
    "documentation": "Endevor SCL keyword",
    "kind": 14,
    "label": "LIST ",
  },
  Object {
    "documentation": "Endevor SCL keyword",
    "kind": 14,
    "label": "MEMBER ",
  },
  Object {
    "documentation": "Endevor SCL keyword",
    "kind": 14,
    "label": "MOVE ",
  },
  Object {
    "documentation": "Endevor SCL keyword",
    "kind": 14,
    "label": "NUMBER ",
  },
  Object {
    "documentation": "Endevor SCL keyword",
    "kind": 14,
    "label": "OPTIONS ",
  },
  Object {
    "documentation": "Endevor SCL keyword",
    "kind": 14,
    "label": "PATH ",
  },
  Object {
    "documentation": "Endevor SCL keyword",
    "kind": 14,
    "label": "PRINT ",
  },
  Object {
    "documentation": "Endevor SCL keyword",
    "kind": 14,
    "label": "RESTORE ",
  },
  Object {
    "documentation": "Endevor SCL keyword",
    "kind": 14,
    "label": "RETRIEVE ",
  },
  Object {
    "documentation": "Endevor SCL keyword",
    "kind": 14,
    "label": "SET ",
  },
  Object {
    "documentation": "Endevor SCL keyword",
    "kind": 14,
    "label": "SIGNIN ",
  },
  Object {
    "documentation": "Endevor SCL keyword",
    "kind": 14,
    "label": "STAGE ",
  },
  Object {
    "documentation": "Endevor SCL keyword",
    "kind": 14,
    "label": "STOPRC ",
  },
  Object {
    "documentation": "Endevor SCL keyword",
    "kind": 14,
    "label": "SUBSYSTEMS ",
  },
  Object {
    "documentation": "Endevor SCL keyword",
    "kind": 14,
    "label": "SYSTEMS ",
  },
  Object {
    "documentation": "Endevor SCL keyword",
    "kind": 14,
    "label": "THROUGH ",
  },
  Object {
    "documentation": "Endevor SCL keyword",
    "kind": 14,
    "label": "THRU ",
  },
  Object {
    "documentation": "Endevor SCL keyword",
    "kind": 14,
    "label": "TRANSFER ",
  },
  Object {
    "documentation": "Endevor SCL keyword",
    "kind": 14,
    "label": "TO ",
  },
  Object {
    "documentation": "Endevor SCL keyword",
    "kind": 14,
    "label": "TYPE ",
  },
  Object {
    "documentation": "Endevor SCL keyword",
    "kind": 14,
    "label": "UPDATE ",
  },
  Object {
    "documentation": "Endevor SCL keyword",
    "kind": 14,
    "label": "USSFILE ",
  },
  Object {
    "documentation": "Endevor SCL keyword",
    "kind": 14,
    "label": "VALIDATE ",
  },
  Object {
    "documentation": "Endevor SCL keyword",
    "kind": 14,
    "label": "WHERE ",
  },
  Object {
    "documentation": "Endevor SCL keyword",
    "kind": 14,
    "label": "CCID ",
  },
  Object {
    "documentation": "Endevor SCL keyword",
    "kind": 14,
    "label": "COMMENTS ",
  },
  Object {
    "documentation": "Endevor SCL keyword",
    "kind": 14,
    "label": "NEW ",
  },
  Object {
    "documentation": "Endevor SCL keyword",
    "kind": 14,
    "label": "VERSION ",
  },
  Object {
    "documentation": "Endevor SCL keyword",
    "kind": 14,
    "label": "IF ",
  },
  Object {
    "documentation": "Endevor SCL keyword",
    "kind": 14,
    "label": "PRESENT ",
  },
  Object {
    "documentation": "Endevor SCL keyword",
    "kind": 14,
    "label": "INPUT ",
  },
  Object {
    "documentation": "Endevor SCL keyword",
    "kind": 14,
    "label": "SOURCE ",
  },
  Object {
    "documentation": "Endevor SCL keyword",
    "kind": 14,
    "label": "OVERRIDE ",
  },
  Object {
    "documentation": "Endevor SCL keyword",
    "kind": 14,
    "label": "SIGNOUT ",
  },
  Object {
    "documentation": "Endevor SCL keyword",
    "kind": 14,
    "label": "BYPASS ",
  },
  Object {
    "documentation": "Endevor SCL keyword",
    "kind": 14,
    "label": "PROCESSOR ",
  },
  Object {
    "documentation": "Endevor SCL keyword",
    "kind": 14,
    "label": "GROUP ",
  },
  Object {
    "documentation": "Endevor SCL keyword",
    "kind": 14,
    "label": "EQUAL ",
  },
  Object {
    "documentation": "Endevor SCL keyword",
    "kind": 14,
    "label": "= ",
  },
  Object {
    "documentation": "Endevor SCL keyword",
    "kind": 14,
    "label": "AUTOGEN ",
  },
  Object {
    "documentation": "Endevor SCL keyword",
    "kind": 14,
    "label": "SPAN ",
  },
  Object {
    "documentation": "Endevor SCL keyword",
    "kind": 14,
    "label": "NONE ",
  },
  Object {
    "documentation": "Endevor SCL keyword",
    "kind": 14,
    "label": "ALL ",
  },
  Object {
    "documentation": "Endevor SCL keyword",
    "kind": 14,
    "label": "SITE ",
  },
  Object {
    "documentation": "Endevor SCL keyword",
    "kind": 14,
    "label": "SYSOUT ",
  },
  Object {
    "documentation": "Endevor SCL keyword",
    "kind": 14,
    "label": "C1PRINT ",
  },
  Object {
    "documentation": "Endevor SCL keyword",
    "kind": 14,
    "label": "C1PRTVB ",
  },
  Object {
    "documentation": "Endevor SCL keyword",
    "kind": 14,
    "label": "OF ",
  },
  Object {
    "documentation": "Endevor SCL keyword",
    "kind": 14,
    "label": "CURRENT ",
  },
  Object {
    "documentation": "Endevor SCL keyword",
    "kind": 14,
    "label": "ONLY ",
  },
  Object {
    "documentation": "Endevor SCL keyword",
    "kind": 14,
    "label": "COMPONENT ",
  },
  Object {
    "documentation": "Endevor SCL keyword",
    "kind": 14,
    "label": "COPYBACK ",
  },
  Object {
    "documentation": "Endevor SCL keyword",
    "kind": 14,
    "label": "SEARCH ",
  },
  Object {
    "documentation": "Endevor SCL keyword",
    "kind": 14,
    "label": "NOSEARCH ",
  },
  Object {
    "documentation": "Endevor SCL keyword",
    "kind": 14,
    "label": "NOSOURCE ",
  },
  Object {
    "documentation": "Endevor SCL keyword",
    "kind": 14,
    "label": "SYNCHRONIZE ",
  },
  Object {
    "documentation": "Endevor SCL keyword",
    "kind": 14,
    "label": "WITH ",
  },
  Object {
    "documentation": "Endevor SCL keyword",
    "kind": 14,
    "label": "HISTORY ",
  },
  Object {
    "documentation": "Endevor SCL keyword",
    "kind": 14,
    "label": "RETAIN ",
  },
  Object {
    "documentation": "Endevor SCL keyword",
    "kind": 14,
    "label": "JUMP ",
  },
  Object {
    "documentation": "Endevor SCL keyword",
    "kind": 14,
    "label": "LEVEL ",
  },
  Object {
    "documentation": "Endevor SCL keyword",
    "kind": 14,
    "label": "REPLACE ",
  },
  Object {
    "documentation": "Endevor SCL keyword",
    "kind": 14,
    "label": "NO ",
  },
  Object {
    "documentation": "Endevor SCL keyword",
    "kind": 14,
    "label": "EXPAND ",
  },
  Object {
    "documentation": "Endevor SCL keyword",
    "kind": 14,
    "label": "INCLUDE ",
  },
  Object {
    "documentation": "Endevor SCL keyword",
    "kind": 14,
    "label": "IGNORE ",
  },
  Object {
    "documentation": "Endevor SCL keyword",
    "kind": 14,
    "label": "FAILED ",
  },
  Object {
    "documentation": "Endevor SCL keyword",
    "kind": 14,
    "label": "DUPLICATE ",
  },
  Object {
    "documentation": "Endevor SCL keyword",
    "kind": 14,
    "label": "OUTPUT ",
  },
  Object {
    "documentation": "Endevor SCL keyword",
    "kind": 14,
    "label": "CHECK ",
  },
  Object {
    "documentation": "Endevor SCL keyword",
    "kind": 14,
    "label": "APPROVE ",
  },
  Object {
    "documentation": "Endevor SCL keyword",
    "kind": 14,
    "label": "PACKAGE ",
  },
  Object {
    "documentation": "Endevor SCL keyword",
    "kind": 14,
    "label": "NOTES ",
  },
  Object {
    "documentation": "Endevor SCL keyword",
    "kind": 14,
    "label": "( ",
  },
  Object {
    "documentation": "Endevor SCL keyword",
    "kind": 14,
    "label": ") ",
  },
  Object {
    "documentation": "Endevor SCL keyword",
    "kind": 14,
    "label": ", ",
  },
  Object {
    "documentation": "Endevor SCL keyword",
    "kind": 14,
    "label": "DENY ",
  },
  Object {
    "documentation": "Endevor SCL keyword",
    "kind": 14,
    "label": "BACKIN ",
  },
  Object {
    "documentation": "Endevor SCL keyword",
    "kind": 14,
    "label": "BACKOUT ",
  },
  Object {
    "documentation": "Endevor SCL keyword",
    "kind": 14,
    "label": "STATEMENT ",
  },
  Object {
    "documentation": "Endevor SCL keyword",
    "kind": 14,
    "label": "CAST ",
  },
  Object {
    "documentation": "Endevor SCL keyword",
    "kind": 14,
    "label": "IS ",
  },
  Object {
    "documentation": "Endevor SCL keyword",
    "kind": 14,
    "label": "NOT ",
  },
  Object {
    "documentation": "Endevor SCL keyword",
    "kind": 14,
    "label": "ENABLED ",
  },
  Object {
    "documentation": "Endevor SCL keyword",
    "kind": 14,
    "label": "WARNING ",
  },
  Object {
    "documentation": "Endevor SCL keyword",
    "kind": 14,
    "label": "DO ",
  },
  Object {
    "documentation": "Endevor SCL keyword",
    "kind": 14,
    "label": "EXECUTION ",
  },
  Object {
    "documentation": "Endevor SCL keyword",
    "kind": 14,
    "label": "WINDOW ",
  },
  Object {
    "documentation": "Endevor SCL keyword",
    "kind": 14,
    "label": "DEFINE ",
  },
  Object {
    "documentation": "Endevor SCL keyword",
    "kind": 14,
    "label": "IMPORT ",
  },
  Object {
    "documentation": "Endevor SCL keyword",
    "kind": 14,
    "label": "SCL ",
  },
  Object {
    "documentation": "Endevor SCL keyword",
    "kind": 14,
    "label": "APPEND ",
  },
  Object {
    "documentation": "Endevor SCL keyword",
    "kind": 14,
    "label": "DESCRIPTION ",
  },
  Object {
    "documentation": "Endevor SCL keyword",
    "kind": 14,
    "label": "STANDARD ",
  },
  Object {
    "documentation": "Endevor SCL keyword",
    "kind": 14,
    "label": "EMERGENCY ",
  },
  Object {
    "documentation": "Endevor SCL keyword",
    "kind": 14,
    "label": "NONSHARABLE ",
  },
  Object {
    "documentation": "Endevor SCL keyword",
    "kind": 14,
    "label": "SHARABLE ",
  },
  Object {
    "documentation": "Endevor SCL keyword",
    "kind": 14,
    "label": "NONPROMOTION ",
  },
  Object {
    "documentation": "Endevor SCL keyword",
    "kind": 14,
    "label": "PROMOTION ",
  },
  Object {
    "documentation": "Endevor SCL keyword",
    "kind": 14,
    "label": "OLDER ",
  },
  Object {
    "documentation": "Endevor SCL keyword",
    "kind": 14,
    "label": "THAN ",
  },
  Object {
    "documentation": "Endevor SCL keyword",
    "kind": 14,
    "label": "DAYS ",
  },
  Object {
    "documentation": "Endevor SCL keyword",
    "kind": 14,
    "label": "STATUS ",
  },
  Object {
    "documentation": "Endevor SCL keyword",
    "kind": 14,
    "label": "OR ",
  },
  Object {
    "documentation": "Endevor SCL keyword",
    "kind": 14,
    "label": "ALLSTATE ",
  },
  Object {
    "documentation": "Endevor SCL keyword",
    "kind": 14,
    "label": "INEDIT ",
  },
  Object {
    "documentation": "Endevor SCL keyword",
    "kind": 14,
    "label": "INAPPROVAL ",
  },
  Object {
    "documentation": "Endevor SCL keyword",
    "kind": 14,
    "label": "DENIED ",
  },
  Object {
    "documentation": "Endevor SCL keyword",
    "kind": 14,
    "label": "APPROVED ",
  },
  Object {
    "documentation": "Endevor SCL keyword",
    "kind": 14,
    "label": "INEXECUTION ",
  },
  Object {
    "documentation": "Endevor SCL keyword",
    "kind": 14,
    "label": "EXECUTED ",
  },
  Object {
    "documentation": "Endevor SCL keyword",
    "kind": 14,
    "label": "EXECFAILED ",
  },
  Object {
    "documentation": "Endevor SCL keyword",
    "kind": 14,
    "label": "COMMITTED ",
  },
  Object {
    "documentation": "Endevor SCL keyword",
    "kind": 14,
    "label": "EXECUTE ",
  },
  Object {
    "documentation": "Endevor SCL keyword",
    "kind": 14,
    "label": "RESET ",
  },
  Object {
    "documentation": "Endevor SCL keyword",
    "kind": 14,
    "label": "COMMIT ",
  },
  Object {
    "documentation": "Endevor SCL keyword",
    "kind": 14,
    "label": "DELIMITERS ",
  },
  Object {
    "documentation": "Endevor SCL keyword",
    "kind": 14,
    "label": "NOCSV ",
  },
  Object {
    "documentation": "Endevor SCL keyword",
    "kind": 14,
    "label": "NOTITLE ",
  },
  Object {
    "documentation": "Endevor SCL keyword",
    "kind": 14,
    "label": "QUALIFIER ",
  },
  Object {
    "documentation": "Endevor SCL keyword",
    "kind": 14,
    "label": "QUOTE ",
  },
  Object {
    "documentation": "Endevor SCL keyword",
    "kind": 14,
    "label": "PHYSICAL ",
  },
  Object {
    "documentation": "Endevor SCL keyword",
    "kind": 14,
    "label": "LOGICAL ",
  },
  Object {
    "documentation": "Endevor SCL keyword",
    "kind": 14,
    "label": "RETURN ",
  },
  Object {
    "documentation": "Endevor SCL keyword",
    "kind": 14,
    "label": "FIRST ",
  },
  Object {
    "documentation": "Endevor SCL keyword",
    "kind": 14,
    "label": "DATA ",
  },
  Object {
    "documentation": "Endevor SCL keyword",
    "kind": 14,
    "label": "BASIC ",
  },
  Object {
    "documentation": "Endevor SCL keyword",
    "kind": 14,
    "label": "CHANGE ",
  },
  Object {
    "documentation": "Endevor SCL keyword",
    "kind": 14,
    "label": "SUMMARY ",
  },
  Object {
    "documentation": "Endevor SCL keyword",
    "kind": 14,
    "label": "LAST ",
  },
  Object {
    "documentation": "Endevor SCL keyword",
    "kind": 14,
    "label": "THRU ",
  },
  Object {
    "documentation": "Endevor SCL keyword",
    "kind": 14,
    "label": "DATE ",
  },
  Object {
    "documentation": "Endevor SCL keyword",
    "kind": 14,
    "label": "TIME ",
  },
  Object {
    "documentation": "Endevor SCL keyword",
    "kind": 14,
    "label": "ENTERPRISE ",
  },
  Object {
    "documentation": "Endevor SCL keyword",
    "kind": 14,
    "label": "TARGET ",
  },
  Object {
    "documentation": "Endevor SCL keyword",
    "kind": 14,
    "label": "S ",
  },
  Object {
    "documentation": "Endevor SCL keyword",
    "kind": 14,
    "label": "E ",
  },
  Object {
    "documentation": "Endevor SCL keyword",
    "kind": 14,
    "label": "A ",
  },
  Object {
    "documentation": "Endevor SCL keyword",
    "kind": 14,
    "label": "E ",
  },
  Object {
    "documentation": "Endevor SCL keyword",
    "kind": 14,
    "label": "X ",
  },
  Object {
    "documentation": "Endevor SCL keyword",
    "kind": 14,
    "label": "CO ",
  },
  Object {
    "documentation": "Endevor SCL keyword",
    "kind": 14,
    "label": "MO ",
  },
  Object {
    "documentation": "Endevor SCL keyword",
    "kind": 14,
    "label": "CA ",
  },
  Object {
    "documentation": "Endevor SCL keyword",
    "kind": 14,
    "label": "AP ",
  },
  Object {
    "documentation": "Endevor SCL keyword",
    "kind": 14,
    "label": "EX ",
  },
  Object {
    "documentation": "Endevor SCL keyword",
    "kind": 14,
    "label": "BO ",
  },
  Object {
    "documentation": "Endevor SCL keyword",
    "kind": 14,
    "label": "BI ",
  },
  Object {
    "documentation": "Endevor SCL keyword",
    "kind": 14,
    "label": "CO ",
  },
  Object {
    "documentation": "Endevor SCL keyword",
    "kind": 14,
    "label": "A ",
  },
  Object {
    "documentation": "Endevor SCL keyword",
    "kind": 14,
    "label": "P ",
  },
  Object {
    "documentation": "Endevor SCL keyword",
    "kind": 14,
    "label": "X ",
  },
  Object {
    "documentation": "Endevor SCL keyword",
    "kind": 14,
    "label": "APPROVER ",
  },
]
`;
